  Animation.cpp
  Base.cpp
  Bone.cpp
  Camera.cpp
  Channel.cpp
  Component.cpp
  Component_Manager.cpp
  CustomFont.cpp
  Extractor.cpp
  Font_Manager.cpp
  Frustum.cpp
  GameInstance.cpp
  GameObject.cpp
  Graphic_Device.cpp
  ImGUI_Manager.cpp
  Input_Device.cpp
  Layer.cpp
  Level.cpp
  Level_Manager.cpp
  Light.cpp
  코드를 생성하고 있습니다...
  컴파일하고 있습니다...
  Light_Manager.cpp
  Mesh.cpp
  Model.cpp
  Object_Manager.cpp
  PartObject.cpp
  PipeLine.cpp
  QuadTree.cpp
  Renderer.cpp
  RenderTarget.cpp
  Shader.cpp
  SoundManager.cpp
  Target_Manager.cpp
  Texture.cpp
  Timer.cpp
  Timer_Manager.cpp
  Transform.cpp
  Utils.cpp
  VIBuffer_Instance.cpp
  VIBuffer.cpp
  VIBuffer_Cube.cpp
  코드를 생성하고 있습니다...
  컴파일하고 있습니다...
  VIBuffer_Instance_Point.cpp
  VIBuffer_Instance_Rect.cpp
  VIBuffer_Rect.cpp
  VIBuffer_Terrain.cpp
  Engine_Struct.cpp
  코드를 생성하고 있습니다...
  LINK : ..\Bin\Engine.dll을(를) 찾을 수 없거나 마지막 증분 링크에 의해 빌드되지 않았습니다. 전체 링크를 수행하고 있습니다.
Effects11d.lib(EffectAPI.obj) : warning LNK4099: '' PDB를 'Effects11d.lib(EffectAPI.obj)' 또는 ''에서 찾을 수 없습니다. 디버그 정보가 없는 것처럼 개체를 링크합니다.
Effects11d.lib(d3dxGlobal.obj) : warning LNK4099: '' PDB를 'Effects11d.lib(d3dxGlobal.obj)' 또는 ''에서 찾을 수 없습니다. 디버그 정보가 없는 것처럼 개체를 링크합니다.
Effects11d.lib(EffectNonRuntime.obj) : warning LNK4099: '' PDB를 'Effects11d.lib(EffectNonRuntime.obj)' 또는 ''에서 찾을 수 없습니다. 디버그 정보가 없는 것처럼 개체를 링크합니다.
Effects11d.lib(EffectLoad.obj) : warning LNK4099: '' PDB를 'Effects11d.lib(EffectLoad.obj)' 또는 ''에서 찾을 수 없습니다. 디버그 정보가 없는 것처럼 개체를 링크합니다.
Effects11d.lib(EffectReflection.obj) : warning LNK4099: '' PDB를 'Effects11d.lib(EffectReflection.obj)' 또는 ''에서 찾을 수 없습니다. 디버그 정보가 없는 것처럼 개체를 링크합니다.
Effects11d.lib(EffectRuntime.obj) : warning LNK4099: '' PDB를 'Effects11d.lib(EffectRuntime.obj)' 또는 ''에서 찾을 수 없습니다. 디버그 정보가 없는 것처럼 개체를 링크합니다.
DirectXTKd.lib(SpriteBatch.obj) : warning LNK4099: '' PDB를 'DirectXTKd.lib(SpriteBatch.obj)' 또는 ''에서 찾을 수 없습니다. 디버그 정보가 없는 것처럼 개체를 링크합니다.
DirectXTKd.lib(SpriteFont.obj) : warning LNK4099: '' PDB를 'DirectXTKd.lib(SpriteFont.obj)' 또는 ''에서 찾을 수 없습니다. 디버그 정보가 없는 것처럼 개체를 링크합니다.
DirectXTKd.lib(DDSTextureLoader.obj) : warning LNK4099: '' PDB를 'DirectXTKd.lib(DDSTextureLoader.obj)' 또는 ''에서 찾을 수 없습니다. 디버그 정보가 없는 것처럼 개체를 링크합니다.
DirectXTKd.lib(WICTextureLoader.obj) : warning LNK4099: '' PDB를 'DirectXTKd.lib(WICTextureLoader.obj)' 또는 ''에서 찾을 수 없습니다. 디버그 정보가 없는 것처럼 개체를 링크합니다.
DirectXTKd.lib(BufferHelpers.obj) : warning LNK4099: '' PDB를 'DirectXTKd.lib(BufferHelpers.obj)' 또는 ''에서 찾을 수 없습니다. 디버그 정보가 없는 것처럼 개체를 링크합니다.
DirectXTKd.lib(CommonStates.obj) : warning LNK4099: '' PDB를 'DirectXTKd.lib(CommonStates.obj)' 또는 ''에서 찾을 수 없습니다. 디버그 정보가 없는 것처럼 개체를 링크합니다.
DirectXTKd.lib(VertexTypes.obj) : warning LNK4099: '' PDB를 'DirectXTKd.lib(VertexTypes.obj)' 또는 ''에서 찾을 수 없습니다. 디버그 정보가 없는 것처럼 개체를 링크합니다.
DirectXTKd.lib(pch.obj) : warning LNK4099: '' PDB를 'DirectXTKd.lib(pch.obj)' 또는 ''에서 찾을 수 없습니다. 디버그 정보가 없는 것처럼 개체를 링크합니다.
DirectXTKd.lib(BinaryReader.obj) : warning LNK4099: '' PDB를 'DirectXTKd.lib(BinaryReader.obj)' 또는 ''에서 찾을 수 없습니다. 디버그 정보가 없는 것처럼 개체를 링크합니다.
     ../Bin/Engine.lib 라이브러리 및 ../Bin/Engine.exp 개체를 생성하고 있습니다.
  Engine.vcxproj -> C:\Users\Chelsea0427\Desktop\Kirby_Discovery\Engine\Bin\Engine.dll
  지정된 경로가 잘못되었습니다.
  .\Engine\Public\Animation.h
  .\Engine\Public\Base.h
  .\Engine\Public\Bone.h
  .\Engine\Public\Camera.h
  .\Engine\Public\Channel.h
  .\Engine\Public\Component.h
  .\Engine\Public\Component_Manager.h
  .\Engine\Public\CustomFont.h
  .\Engine\Public\Engine_Defines.h
  .\Engine\Public\Engine_Function.h
  .\Engine\Public\Engine_Macro.h
  .\Engine\Public\Engine_Struct.cpp
  .\Engine\Public\Engine_Struct.h
  .\Engine\Public\Engine_Typedef.h
  .\Engine\Public\Extractor.h
  .\Engine\Public\fmod.h
  .\Engine\Public\fmod.hpp
  .\Engine\Public\fmod_codec.h
  .\Engine\Public\fmod_common.h
  .\Engine\Public\fmod_dsp.cs
  .\Engine\Public\fmod_dsp.h
  .\Engine\Public\fmod_dsp_effects.h
  .\Engine\Public\fmod_errors.h
  .\Engine\Public\fmod_output.h
  .\Engine\Public\Font_Manager.h
  .\Engine\Public\Frustum.h
  .\Engine\Public\FSM.h
  .\Engine\Public\FSM_State.h
  .\Engine\Public\GameInstance.h
  .\Engine\Public\GameObject.h
  .\Engine\Public\Graphic_Device.h
  .\Engine\Public\ImGUI_Manager.h
  .\Engine\Public\Input_Device.h
  .\Engine\Public\Layer.h
  .\Engine\Public\Level.h
  .\Engine\Public\Level_Manager.h
  .\Engine\Public\Light.h
  .\Engine\Public\Light_Manager.h
  .\Engine\Public\Mesh.h
  .\Engine\Public\Model.h
  .\Engine\Public\Object_Manager.h
  .\Engine\Public\PartObject.h
  .\Engine\Public\PipeLine.h
  .\Engine\Public\QuadTree.h
  .\Engine\Public\Renderer.h
  .\Engine\Public\RenderTarget.h
  .\Engine\Public\Shader.h
  .\Engine\Public\SimpleMath.h
  .\Engine\Public\SimpleMath.inl
  .\Engine\Public\SoundManager.h
  .\Engine\Public\Target_Manager.h
  .\Engine\Public\Texture.h
  .\Engine\Public\Timer.h
  .\Engine\Public\Timer_Manager.h
  .\Engine\Public\Transform.h
  .\Engine\Public\Utils.h
  .\Engine\Public\VIBuffer.h
  .\Engine\Public\VIBuffer_Cube.h
  .\Engine\Public\VIBuffer_Instance.h
  .\Engine\Public\VIBuffer_Instance_Point.h
  .\Engine\Public\VIBuffer_Instance_Rect.h
  .\Engine\Public\VIBuffer_Rect.h
  .\Engine\Public\VIBuffer_Terrain.h
  .\Engine\Public\DirectXTK\Audio.h
  .\Engine\Public\DirectXTK\BufferHelpers.h
  .\Engine\Public\DirectXTK\CommonStates.h
  .\Engine\Public\DirectXTK\DDSTextureLoader.h
  .\Engine\Public\DirectXTK\DirectXHelpers.h
  .\Engine\Public\DirectXTK\Effects.h
  .\Engine\Public\DirectXTK\GamePad.h
  .\Engine\Public\DirectXTK\GeometricPrimitive.h
  .\Engine\Public\DirectXTK\GraphicsMemory.h
  .\Engine\Public\DirectXTK\Keyboard.h
  .\Engine\Public\DirectXTK\Model.h
  .\Engine\Public\DirectXTK\Mouse.h
  .\Engine\Public\DirectXTK\PostProcess.h
  .\Engine\Public\DirectXTK\PrimitiveBatch.h
  .\Engine\Public\DirectXTK\ScreenGrab.h
  .\Engine\Public\DirectXTK\SimpleMath.h
  .\Engine\Public\DirectXTK\SimpleMath.inl
  .\Engine\Public\DirectXTK\SpriteBatch.h
  .\Engine\Public\DirectXTK\SpriteFont.h
  .\Engine\Public\DirectXTK\VertexTypes.h
  .\Engine\Public\DirectXTK\WICTextureLoader.h
  .\Engine\Public\DirectXTK\XboxDDSTextureLoader.h
  .\Engine\Public\dirent\ChangeLog
  .\Engine\Public\dirent\dirent.h
  .\Engine\Public\dirent\LICENSE
  .\Engine\Public\dirent\README.md
  .\Engine\Public\Effects11\d3dx11effect.h
  .\Engine\Public\Effects11\d3dxGlobal.h
  .\Engine\Public\Fmod\fmod.h
  .\Engine\Public\Fmod\fmod.hpp
  .\Engine\Public\Fmod\fmod_codec.h
  .\Engine\Public\Fmod\fmod_common.h
  .\Engine\Public\Fmod\fmod_dsp.cs
  .\Engine\Public\Fmod\fmod_dsp.h
  .\Engine\Public\Fmod\fmod_dsp_effects.h
  .\Engine\Public\Fmod\fmod_errors.h
  .\Engine\Public\Fmod\fmod_output.h
  .\Engine\Public\Fmod\SoundMgr.cpp
  .\Engine\Public\Fmod\SoundMgr.h
  .\Engine\Public\ImGui\dirent.h
  .\Engine\Public\ImGui\GraphEditor.cpp
  .\Engine\Public\ImGui\GraphEditor.h
  .\Engine\Public\ImGui\imconfig.h
  .\Engine\Public\ImGui\ImCurveEdit.cpp
  .\Engine\Public\ImGui\ImCurveEdit.h
  .\Engine\Public\ImGui\ImGradient.cpp
  .\Engine\Public\ImGui\ImGradient.h
  .\Engine\Public\ImGui\imgui.cpp
  .\Engine\Public\ImGui\imgui.h
  .\Engine\Public\ImGui\ImGuiFileDialog.cpp
  .\Engine\Public\ImGui\ImGuiFileDialog.h
  .\Engine\Public\ImGui\ImGuiFileDialogConfig.h
  .\Engine\Public\ImGui\ImGuizmo.cpp
  .\Engine\Public\ImGui\ImGuizmo.h
  .\Engine\Public\ImGui\imgui_curve.hpp
  .\Engine\Public\ImGui\imgui_demo.cpp
  .\Engine\Public\ImGui\imgui_draw.cpp
  .\Engine\Public\ImGui\imgui_impl_dx11.cpp
  .\Engine\Public\ImGui\imgui_impl_dx11.h
  .\Engine\Public\ImGui\imgui_impl_win32.cpp
  .\Engine\Public\ImGui\imgui_impl_win32.h
  .\Engine\Public\ImGui\imgui_internal.h
  .\Engine\Public\ImGui\imgui_tables.cpp
  .\Engine\Public\ImGui\imgui_widgets.cpp
  .\Engine\Public\ImGui\ImSequencer.cpp
  .\Engine\Public\ImGui\ImSequencer.h
  .\Engine\Public\ImGui\imstb_rectpack.h
  .\Engine\Public\ImGui\imstb_textedit.h
  .\Engine\Public\ImGui\imstb_truetype.h
  .\Engine\Public\ImGui\ImZoomSlider.h
  .\Engine\Public\rapidjson\allocators.h
  .\Engine\Public\rapidjson\cursorstreamwrapper.h
  .\Engine\Public\rapidjson\document.h
  .\Engine\Public\rapidjson\encodedstream.h
  .\Engine\Public\rapidjson\encodings.h
  .\Engine\Public\rapidjson\filereadstream.h
  .\Engine\Public\rapidjson\filewritestream.h
  .\Engine\Public\rapidjson\fwd.h
  .\Engine\Public\rapidjson\istreamwrapper.h
  .\Engine\Public\rapidjson\memorybuffer.h
  .\Engine\Public\rapidjson\memorystream.h
  .\Engine\Public\rapidjson\ostreamwrapper.h
  .\Engine\Public\rapidjson\pointer.h
  .\Engine\Public\rapidjson\prettywriter.h
  .\Engine\Public\rapidjson\rapidjson.h
  .\Engine\Public\rapidjson\reader.h
  .\Engine\Public\rapidjson\schema.h
  .\Engine\Public\rapidjson\stream.h
  .\Engine\Public\rapidjson\stringbuffer.h
  .\Engine\Public\rapidjson\uri.h
  .\Engine\Public\rapidjson\writer.h
  .\Engine\Public\rapidjson\error\en.h
  .\Engine\Public\rapidjson\error\error.h
  .\Engine\Public\rapidjson\internal\biginteger.h
  .\Engine\Public\rapidjson\internal\clzll.h
  .\Engine\Public\rapidjson\internal\diyfp.h
  .\Engine\Public\rapidjson\internal\dtoa.h
  .\Engine\Public\rapidjson\internal\ieee754.h
  .\Engine\Public\rapidjson\internal\itoa.h
  .\Engine\Public\rapidjson\internal\meta.h
  .\Engine\Public\rapidjson\internal\pow10.h
  .\Engine\Public\rapidjson\internal\regex.h
  .\Engine\Public\rapidjson\internal\stack.h
  .\Engine\Public\rapidjson\internal\strfunc.h
  .\Engine\Public\rapidjson\internal\strtod.h
  .\Engine\Public\rapidjson\internal\swap.h
  .\Engine\Public\rapidjson\msinttypes\inttypes.h
  .\Engine\Public\rapidjson\msinttypes\stdint.h
  .\Engine\Public\stb\LICENSE
  .\Engine\Public\stb\README.md
  .\Engine\Public\stb\stb_image.h
  .\Engine\Public\stb\stb_image_resize.h
  175개 파일이 복사되었습니다.
  .\Engine\Bin\Engine.lib
  .\Engine\Bin\fmod_vc.lib
  2개 파일이 복사되었습니다.
  .\Engine\ThirdPartyLib\assimp-vc140-mt.lib
  .\Engine\ThirdPartyLib\assimp-vc140-mtd.lib
  .\Engine\ThirdPartyLib\assimp-vc143-mt.lib
  .\Engine\ThirdPartyLib\assimp-vc143-mtd.lib
  .\Engine\ThirdPartyLib\DirectXTK.lib
  .\Engine\ThirdPartyLib\DirectXTKd.lib
  .\Engine\ThirdPartyLib\Effects11.lib
  .\Engine\ThirdPartyLib\Effects11d.lib
  .\Engine\ThirdPartyLib\fmod_vc.lib
  9개 파일이 복사되었습니다.
  .\Engine\Bin\Engine.dll
  .\Engine\Bin\fmod.dll
  2개 파일이 복사되었습니다.
  .\Engine\Bin\ShaderFiles\Engine_Shader_Defines.hlsli
  .\Engine\Bin\ShaderFiles\Shader_Cell.hlsl
  .\Engine\Bin\ShaderFiles\Shader_Deferred.hlsl
  3개 파일이 복사되었습니다.
