c:\users\toktak\desktop\local\ftt\kirby_discovery\assimp\client_assimp\default\x64\debug\client_assimp.pch
c:\users\toktak\desktop\local\ftt\kirby_discovery\assimp\client_assimp\default\x64\debug\vc143.pdb
c:\users\toktak\desktop\local\ftt\kirby_discovery\assimp\client_assimp\default\x64\debug\vc143.idb
c:\users\toktak\desktop\local\ftt\kirby_discovery\assimp\client_assimp\default\x64\debug\stdafx.obj
c:\users\toktak\desktop\local\ftt\kirby_discovery\assimp\client_assimp\default\x64\debug\client_assimp.obj
c:\users\toktak\desktop\local\ftt\kirby_discovery\assimp\client_assimp\default\x64\debug\terrain.obj
c:\users\toktak\desktop\local\ftt\kirby_discovery\assimp\client_assimp\default\x64\debug\monster.obj
c:\users\toktak\desktop\local\ftt\kirby_discovery\assimp\client_assimp\default\x64\debug\mainapp.obj
c:\users\toktak\desktop\local\ftt\kirby_discovery\assimp\client_assimp\default\x64\debug\loader.obj
c:\users\toktak\desktop\local\ftt\kirby_discovery\assimp\client_assimp\default\x64\debug\level_maptool.obj
c:\users\toktak\desktop\local\ftt\kirby_discovery\assimp\client_assimp\default\x64\debug\level_logo.obj
c:\users\toktak\desktop\local\ftt\kirby_discovery\assimp\client_assimp\default\x64\debug\level_loading.obj
c:\users\toktak\desktop\local\ftt\kirby_discovery\assimp\client_assimp\default\x64\debug\level_gameplay.obj
c:\users\toktak\desktop\local\ftt\kirby_discovery\assimp\client_assimp\default\x64\debug\camera_free.obj
c:\users\toktak\desktop\local\ftt\kirby_discovery\assimp\client_assimp\default\x64\debug\background.obj
c:\users\chelsea0427\desktop\kirby_discovery\assimp\client_assimp\bin\assimp-vc143-mtd.dll
c:\users\chelsea0427\desktop\kirby_discovery\assimp\client_assimp\bin\poly2tri.dll
c:\users\chelsea0427\desktop\kirby_discovery\assimp\client_assimp\bin\minizip.dll
c:\users\chelsea0427\desktop\kirby_discovery\assimp\client_assimp\bin\zlibd1.dll
c:\users\chelsea0427\desktop\kirby_discovery\assimp\client_assimp\bin\pugixml.dll
c:\users\toktak\desktop\local\ftt\kirby_discovery\assimp\client_assimp\bin\assimp-vc143-mtd.dll
c:\users\toktak\desktop\local\ftt\kirby_discovery\assimp\client_assimp\bin\shader_vtxanimmodel.cso
c:\users\toktak\desktop\local\ftt\kirby_discovery\assimp\client_assimp\bin\shader_vtxmodel.cso
c:\users\toktak\desktop\local\ftt\kirby_discovery\assimp\client_assimp\bin\shader_vtxnortex.cso
c:\users\toktak\desktop\local\ftt\kirby_discovery\assimp\client_assimp\bin\shader_vtxpostex.cso
c:\users\toktak\desktop\local\ftt\kirby_discovery\assimp\client_assimp\bin\client_assimp.exe
c:\users\toktak\desktop\local\ftt\kirby_discovery\assimp\client_assimp\bin\client_assimp.pdb
c:\users\toktak\desktop\local\ftt\kirby_discovery\assimp\client_assimp\default\x64\debug\client_assimp.res
c:\users\toktak\desktop\local\ftt\kirby_discovery\assimp\client_assimp\default\x64\debug\client_assimp.ilk
c:\users\toktak\desktop\local\ftt\kirby_discovery\assimp\client_assimp\default\x64\debug\imgui_client.obj
c:\users\toktak\desktop\local\ftt\kirby_discovery\assimp\client_assimp\default\x64\debug\client_assimp.tlog\cl.command.1.tlog
c:\users\toktak\desktop\local\ftt\kirby_discovery\assimp\client_assimp\default\x64\debug\client_assimp.tlog\cl.items.tlog
c:\users\toktak\desktop\local\ftt\kirby_discovery\assimp\client_assimp\default\x64\debug\client_assimp.tlog\cl.read.1.tlog
c:\users\toktak\desktop\local\ftt\kirby_discovery\assimp\client_assimp\default\x64\debug\client_assimp.tlog\cl.write.1.tlog
c:\users\toktak\desktop\local\ftt\kirby_discovery\assimp\client_assimp\default\x64\debug\client_assimp.tlog\client_assimp.write.1u.tlog
c:\users\toktak\desktop\local\ftt\kirby_discovery\assimp\client_assimp\default\x64\debug\client_assimp.tlog\fxc.command.1.tlog
c:\users\toktak\desktop\local\ftt\kirby_discovery\assimp\client_assimp\default\x64\debug\client_assimp.tlog\fxc.read.1.tlog
c:\users\toktak\desktop\local\ftt\kirby_discovery\assimp\client_assimp\default\x64\debug\client_assimp.tlog\fxc.write.1.tlog
c:\users\toktak\desktop\local\ftt\kirby_discovery\assimp\client_assimp\default\x64\debug\client_assimp.tlog\link.command.1.tlog
c:\users\toktak\desktop\local\ftt\kirby_discovery\assimp\client_assimp\default\x64\debug\client_assimp.tlog\link.read.1.tlog
c:\users\toktak\desktop\local\ftt\kirby_discovery\assimp\client_assimp\default\x64\debug\client_assimp.tlog\link.secondary.1.tlog
c:\users\toktak\desktop\local\ftt\kirby_discovery\assimp\client_assimp\default\x64\debug\client_assimp.tlog\link.write.1.tlog
c:\users\toktak\desktop\local\ftt\kirby_discovery\assimp\client_assimp\default\x64\debug\client_assimp.tlog\rc.command.1.tlog
c:\users\toktak\desktop\local\ftt\kirby_discovery\assimp\client_assimp\default\x64\debug\client_assimp.tlog\rc.read.1.tlog
c:\users\toktak\desktop\local\ftt\kirby_discovery\assimp\client_assimp\default\x64\debug\client_assimp.tlog\rc.write.1.tlog
